// Jest Snapshot v1, https://goo.gl/fbAQLP

exports[`server boots 1`] = `
Object {
  "data": Object {
    "getVersion": "1.0.0",
  },
  "errors": undefined,
  "extensions": undefined,
  "http": Object {
    "headers": Headers {
      Symbol(map): Object {},
    },
  },
}
`;
